Testing key: AIzaSyCdUeQDlIEDyeLoUvrtuYq0mOwxThzJm-c
Trying model: gemini-2.0-flash...
node : Failed with gemini-2.
0-flash:
発生場所 行:1 文字:1
+ node tmp/test_key.js > tmp
/test_output.txt 2>&1 ; cat 
tmp/test_output ...
+ ~~~~~~~~~~~~~~~~~~~~~~~~~~
~~~~~~~~~~~~~~~~~~~~~
    + CategoryInfo          
    : NotSpecified: (Faile  
  d with gemini-2.0-flash   
 ::String) [], RemoteExc    
eption
    + FullyQualifiedErrorId 
    : NativeCommandError
 
Status: 429
Message: [GoogleGenerativeAI
 Error]: Error fetching from
 https://generativelanguage.
googleapis.com/v1beta/models
/gemini-2.0-flash:generateCo
ntent: [429 Too Many Request
s] You exceeded your current
 quota, please check your pl
an and billing details. For 
more information on this err
or, head to: https://ai.goog
le.dev/gemini-api/docs/rate-
limits. To monitor your curr
ent usage, head to: https://
ai.dev/rate-limit. 
* Quota exceeded for metric:
 generativelanguage.googleap
is.com/generate_content_free
_tier_input_token_count, lim
it: 0, model: gemini-2.0-fla
sh
* Quota exceeded for metric:
 generativelanguage.googleap
is.com/generate_content_free
_tier_requests, limit: 0, mo
del: gemini-2.0-flash
* Quota exceeded for metric:
 generativelanguage.googleap
is.com/generate_content_free
_tier_requests, limit: 0, mo
del: gemini-2.0-flash
Please retry in 59.943841654
s. [{"@type":"type.googleapi
s.com/google.rpc.Help","link
s":[{"description":"Learn mo
re about Gemini API quotas",
"url":"https://ai.google.dev
/gemini-api/docs/rate-limits
"}]},{"@type":"type.googleap
is.com/google.rpc.QuotaFailu
re","violations":[{"quotaMet
ric":"generativelanguage.goo
gleapis.com/generate_content
_free_tier_input_token_count
","quotaId":"GenerateContent
InputTokensPerModelPerMinute
-FreeTier","quotaDimensions"
:{"location":"global","model
":"gemini-2.0-flash"}},{"quo
taMetric":"generativelanguag
e.googleapis.com/generate_co
ntent_free_tier_requests","q
uotaId":"GenerateRequestsPer
MinutePerProjectPerModel-Fre
eTier","quotaDimensions":{"l
ocation":"global","model":"g
emini-2.0-flash"}},{"quotaMe
tric":"generativelanguage.go
ogleapis.com/generate_conten
t_free_tier_requests","quota
Id":"GenerateRequestsPerDayP
erProjectPerModel-FreeTier",
"quotaDimensions":{"model":"
gemini-2.0-flash","location"
:"global"}}]},{"@type":"type
.googleapis.com/google.rpc.R
etryInfo","retryDelay":"59s"
}]
---
Trying model: gemini-1.5-flash...
Failed with gemini-1.5-flash
:
Status: 404
Message: [GoogleGenerativeAI
 Error]: Error fetching from
 https://generativelanguage.
googleapis.com/v1beta/models
/gemini-1.5-flash:generateCo
ntent: [404 Not Found] model
s/gemini-1.5-flash is not fo
und for API version v1beta, 
or is not supported for gene
rateContent. Call ListModels
 to see the list of availabl
e models and their supported
 methods.
---
Trying model: gemini-1.5-pro...
Failed with gemini-1.5-pro:
Status: 404
Message: [GoogleGenerativeAI
 Error]: Error fetching from
 https://generativelanguage.
googleapis.com/v1beta/models
/gemini-1.5-pro:generateCont
ent: [404 Not Found] models/
gemini-1.5-pro is not found 
for API version v1beta, or i
s not supported for generate
Content. Call ListModels to 
see the list of available mo
dels and their supported met
hods.
---
